Rondje rijden...
Tram 10 reed van station A naar station B
Tram 10 reed van station B naar station A

