======================
Starting XML Parser...
======================

Creating new Station:
   Getting Station name...
A
   Getting Station track...
 FAULT IN STATION TRACK.
   Getting Station track...
   Getting next Station...
C
   Getting Station track...
   Getting previous Station...
C
Track Number is negative
DELETING INCOMPLETE TRACK
   Getting Station Type...
halte

Creating new Tram:
   Getting Tram Number...
   Getting Tram seats...
   Setting Tram speed...
   Setting Starting Station...
   Setting Current Station...
   Setting Tram Type...
   Setting Tram Vehicle Number...
Creating new Passagier:
   Getting Passenger Name...
   Getting Passenger Starting Station...
   Setting Passenger End Station...
   Setting Amount of Passengers...
===================
XML Parser finished
===================

